                   centre_x    centre_y  radius_min  radius_max  radius_mean  radius_median  height_min  height_max  height_median  height_mean     volume       area  area_cartesian_bbox  smallest_bounding_width  smallest_bounding_length  smallest_bounding_area  aspect_ratio threshold  max_feret  min_feret  Contour Lengths  Circular  End to End Distance  Image Name
Molecule Number                                                                                                                                                                                                                                                                                                                                                                
0                312.461649  135.486299    1.544509    6.672074     4.282007       4.278257   -0.811886   -0.437035      -0.574518    -0.580797 -29.197812  50.272012           106.156919                 5.520612                 13.147774               72.583763      2.381579     lower  13.181642   5.520612        65.483617     False              5.96906  minicircle
