     aspect_ratio          area        volume     min_feret     max_feret  Contour Lengths  End to End Distance
max             0  1.000000e+02  1.000000e+02  1.000000e+02  1.000000e+02     1.000000e+02         1.000000e+02
std             0  3.073343e+10  7.426329e+10  4.527678e+09  3.909266e+09     1.785414e+10         1.149846e+10
ste             0  6.872204e+09  1.660578e+10  1.012420e+09  8.741385e+08     3.992306e+09         2.571133e+09
N               0  2.100000e+01  2.100000e+01  2.100000e+01  2.100000e+01     2.100000e+01         2.100000e+01
