                   centre_x    centre_y  radius_min  radius_max  radius_mean  radius_median  height_min  height_max  height_median  height_mean       volume        area  area_cartesian_bbox  smallest_bounding_width  smallest_bounding_length  smallest_bounding_area  aspect_ratio threshold  Contour Lengths  Circular  End to End Distance      Image Name                                                      Basename
Molecule Number                                                                                                                                                                                                                                                                                                                                                                                                               
0                312.884020  135.054589    1.358830    6.230319     4.062857       4.024174   -0.843872   -0.535774      -0.624265    -0.637351   -26.441542   41.486612            98.835752                 5.355569                 12.307168               65.911886      2.298013     lower        61.428054     False             6.497594  minicircle.spm  /home/neil/work/projects/topostats/TopoStats/tests/resources
0                 18.707007   96.557844    5.704484   20.868161    15.487836      16.147027    0.807228    3.872404       2.068618     1.979001  1209.314584  611.073392          1137.465287                23.833883                 41.299524              984.327993      1.732807     upper        92.386012      True             0.000000  minicircle.spm  /home/neil/work/projects/topostats/TopoStats/tests/resources
1                400.791989   92.687445    1.156515   21.954307    13.681085      14.462380    0.808306    3.184813       2.153402     2.015619  1252.350418  621.323025          1166.261877                27.021623                 39.031234             1054.687294      1.444444     upper        97.516345     False            15.753970  minicircle.spm  /home/neil/work/projects/topostats/TopoStats/tests/resources
2                217.783058  173.228087    8.327489   28.527665    17.743395      16.360454    0.806422    3.088319       2.002073     1.895022  1138.574169  600.823758          1577.955492                24.191610                 54.065589             1307.933633      2.234890     upper       134.804884     False             0.698626  minicircle.spm  /home/neil/work/projects/topostats/TopoStats/tests/resources
3                353.728516  207.406570    3.923541   25.897458    15.301596      15.862244    0.807987    3.104159       2.138802     2.016266  1214.373036  602.287992          1619.442104                17.774995                 49.449371              878.962307      2.781963     upper        91.466549     False            26.349396  minicircle.spm  /home/neil/work/projects/topostats/TopoStats/tests/resources
4                300.793755  212.102937   10.149579   25.325110    17.923324      18.380428    0.806753    3.002725       1.926512     1.865175  1306.808409  700.635666          1719.742090                32.927338                 43.990574             1448.492500      1.335989     upper        96.151997      True             0.000000  minicircle.spm  /home/neil/work/projects/topostats/TopoStats/tests/resources
5                432.420548  215.785933    2.875581   23.466926    15.068693      15.781069    0.807625    3.244689       2.192315     2.045040  1238.690130  605.704536          1238.253351                20.607085                 45.698864              941.720385      2.217629     upper        93.905352     False            22.980430  minicircle.spm  /home/neil/work/projects/topostats/TopoStats/tests/resources
6                194.525710  231.200777    9.008959   23.627316    17.816803      18.014840    0.807147    2.893983       2.055561     1.935035  1291.532044  667.446377          1559.408536                29.666377                 45.282153             1343.357407      1.526380     upper        98.564277      True             0.000000  minicircle.spm  /home/neil/work/projects/topostats/TopoStats/tests/resources
7                389.744542  274.397786    2.080837   25.551359    16.667871      18.344349    0.806572    3.044685       2.229112     2.058189  1440.533706  699.903550          1770.258141                22.716236                 49.213645             1117.948783      2.166452     upper        42.319694      True             0.000000  minicircle.spm  /home/neil/work/projects/topostats/TopoStats/tests/resources
8                430.344334  295.941830    2.896435   22.126524    15.426546      16.421498    0.806487    4.425863       2.229864     2.112985  1382.974509  654.512315          1420.794444                26.255766                 42.786388             1123.389372      1.629600     upper        56.701634      True             0.000000  minicircle.spm  /home/neil/work/projects/topostats/TopoStats/tests/resources
9                122.677453  308.869392    8.658694   27.443570    17.463985      16.646099    0.807023    3.035513       2.238290     2.050518  1394.131283  679.892360          1706.319951                25.553732                 52.364206             1338.100905      2.049180     upper        76.021062      True             0.000000  minicircle.spm  /home/neil/work/projects/topostats/TopoStats/tests/resources
10                39.395704  381.913890    1.852146   26.940401    16.797841      17.346986    0.807315    2.850929       2.135605     1.982850  1276.508249  643.774604          1197.010778                19.381958                 53.361547             1034.251245      2.753156     upper       100.815523     False            28.995068  minicircle.spm  /home/neil/work/projects/topostats/TopoStats/tests/resources
11               390.261574  377.074286    9.219255   26.733505    17.572591      16.718590    0.810544    2.989100       2.187744     2.017221  1314.388614  651.583848          1449.591034                27.759526                 47.482741             1318.098383      1.710503     upper        83.072558      True             0.000000  minicircle.spm  /home/neil/work/projects/topostats/TopoStats/tests/resources
12               261.282576  374.871963    5.851948   25.596843    17.634806      18.608781    0.806880    2.862127       2.092428     1.947515  1320.773379  678.184088          1452.519500                25.341383                 49.572984             1256.247964      1.956207     upper       100.485657      True             0.000000  minicircle.spm  /home/neil/work/projects/topostats/TopoStats/tests/resources
13               304.709441  391.099345   11.262835   26.558465    18.533693      18.899549    0.808609    3.100993       2.051525     1.933445  1276.787456  660.369249          1665.565455                35.564081                 42.264035             1503.081539      1.188391     upper        98.690295      True             0.000000  minicircle.spm  /home/neil/work/projects/topostats/TopoStats/tests/resources
14               455.528797  428.000563    4.441544   26.584406    16.950343      17.545409    0.806869    4.008622       2.217924     2.077749  1345.207793  647.435187          1319.762342                21.630208                 51.381705             1111.396954      2.375461     upper       113.771377     False            16.309580  minicircle.spm  /home/neil/work/projects/topostats/TopoStats/tests/resources
15               220.375874  418.202300    3.997514   27.381931    16.822624      16.318951    0.806474    3.195943       2.120174     1.984138  1352.873653  681.844671          1530.123869                25.443365                 51.342545             1306.327097      2.017915     upper        85.061755     False            27.703832  minicircle.spm  /home/neil/work/projects/topostats/TopoStats/tests/resources
16               375.557982  428.615292    8.190056   25.036625    18.767056      19.279584    0.807138    3.093605       2.132360     1.982150  1403.760150  708.200872          1506.940174                30.628182                 45.448270             1391.997854      1.483871     upper       106.297141      True             0.000000  minicircle.spm  /home/neil/work/projects/topostats/TopoStats/tests/resources
17               460.798356  458.626236    8.151931   27.857119    16.935121      16.569920    0.807411    3.159575       2.182271     2.019732  1272.649869  630.108426          1593.085904                21.720928                 52.398941             1138.153641      2.412371     upper        70.007748      True             0.000000  minicircle.spm  /home/neil/work/projects/topostats/TopoStats/tests/resources
18               419.708892  456.361997   10.464533   24.875794    18.165731      18.788324    0.807674    3.054848       2.151176     2.001678  1362.390762  680.624477          1603.335537                34.580205                 42.978255             1486.196868      1.242857     upper       101.546870      True             0.000000  minicircle.spm  /home/neil/work/projects/topostats/TopoStats/tests/resources
19                90.849897  468.960183    4.409626   24.981776    16.147519      16.472224    0.806588    2.941217       2.127274     1.982786  1291.467271  651.339810          1600.163031                21.127314                 48.632833             1027.481112      2.301894     upper       102.506168     False            14.427930  minicircle.spm  /home/neil/work/projects/topostats/TopoStats/tests/resources
20                19.805631  501.345912    2.022637   25.456713    16.221695      17.120079    0.806802    2.997834       2.152805     2.003875  1199.574208  598.627408          1342.213920                20.183903                 49.933420             1007.851308      2.473923     upper        94.612944     False            19.291431  minicircle.spm  /home/neil/work/projects/topostats/TopoStats/tests/resources
