                   centre_x    centre_y  radius_min  radius_max  radius_mean  radius_median  height_min  height_max  height_median  height_mean       volume        area  area_cartesian_bbox  smallest_bounding_width  smallest_bounding_length  smallest_bounding_area  aspect_ratio threshold  max_feret  min_feret  Contour Lengths  Circular  End to End Distance      Image Name
Molecule Number                                                                                                                                                                                                                                                                                                                                                                       
0                312.321826  135.710289    2.047651    6.802569     4.468766       4.524109   -0.812277   -0.434740      -0.573088    -0.578251   -31.751035   54.908751           106.156919                 5.459192                 13.041404               71.195532      2.388889     lower  13.079421   5.459192        46.737667     False             5.969060  minicircle.spm
0                 18.739027   96.544583    5.914298   20.891859    15.564967      16.245908    0.786263    3.931913       2.103254     2.008786  1280.949667  637.673631          1137.465287                24.428348                 40.849626              997.888853      1.672222     upper  41.334203  24.232548        46.508479      True             0.000000  minicircle.spm
1                400.265969   93.158904    0.790084   21.932873    13.885964      14.786150    0.788546    3.195235       2.171477     2.025761  1278.426351  631.084581          1186.029027                27.450538                 39.092507             1073.110354      1.424107     upper  39.147979  27.450538       115.244383     False            21.470665  minicircle.spm
2                217.791874  173.160884    8.337920   28.460025    17.787064      16.424187    0.788332    3.135538       2.016147     1.904231  1187.324789  623.519376          1592.841865                24.463677                 54.196820             1325.853507      2.215400     upper  54.207678  24.463677        90.207451      True             0.000000  minicircle.spm
3                355.127752  205.914177    3.867763   25.990492    15.545664      16.232298    0.786316    3.117910       2.142770     2.017085  1240.955299  615.222053          1696.558395                17.963499                 49.732773              893.374618      2.768546     upper  49.779222  17.963499        96.013893     False            30.945252  minicircle.spm
4                301.401930  211.610173   10.261029   25.247961    18.007414      18.471047    0.786305    3.007938       1.923541     1.865791  1346.398051  721.623011          1739.509240                32.992930                 44.056166             1453.542026      1.335321     upper  44.124169  32.992930        95.952054      True             0.000000  minicircle.spm
5                432.503984  215.801497    2.896411   23.556389    15.232539      15.827996    0.785852    3.242251       2.201271     2.052962  1260.021782  613.757820          1259.240696                20.726513                 45.916571              951.690429      2.215354     upper  46.207102  20.726513        92.920593     False            22.535415  minicircle.spm
6                194.414424  231.241737    8.973170   23.617666    17.937675      18.161429    0.785752    2.930563       2.074010     1.947770  1339.959985  687.945644          1559.408536                29.666377                 45.552011             1351.363113      1.535476     upper  46.143682  29.666377        97.471758      True             0.000000  minicircle.spm
7                389.730430  274.383831    2.062784   25.547294    16.693765      18.407505    0.790938    3.053797       2.228091     2.054202  1444.761214  703.320094          1770.258141                22.717675                 49.226249             1118.305905      2.166870     upper  49.462005  22.717675        42.431365      True             0.000000  minicircle.spm
8                430.382540  295.946429    2.858291   22.106382    15.491679      16.493713    0.785631    4.416410       2.221225     2.102568  1389.497247  660.857326          1420.794444                26.264609                 42.792910             1123.939040      1.629299     upper  43.023656  26.264609        56.729395      True             0.000000  minicircle.spm
9                122.723943  308.826717    8.901088   27.506537    17.512638      16.620272    0.787003    3.059607       2.265828     2.070719  1430.100586  690.630072          1706.319951                25.553732                 52.521298             1342.115208      2.055328     upper  52.664049  25.553732        75.862966      True             0.000000  minicircle.spm
10                38.889199  382.383429    1.910858   27.319998    17.144151      17.704077    0.786495    2.968241       2.210347     2.039075  1357.987330  665.982143          1234.836806                19.642779                 53.926354             1059.263472      2.745353     upper  54.065681  19.642779        51.707361      True             0.000000  minicircle.spm
11               389.730926  377.575586    9.360143   26.737396    17.552250      16.689506    0.785566    3.050985       2.201184     2.027682  1346.935882  664.273871          1464.233367                27.759526                 47.808537             1327.142337      1.722239     upper  48.080978  27.759526        82.822168      True             0.000000  minicircle.spm
12               261.204440  374.801151    5.782274   25.493809    17.724272      18.612638    0.785335    2.941395       2.101349     1.958538  1359.794642  694.290655          1452.519500                26.526476                 47.827090             1268.684149      1.802994     upper  50.208782  25.683495       100.278899      True             0.000000  minicircle.spm
13               304.678691  391.077914   11.303917   26.520995    18.426317      18.778784    0.785340    3.089508       2.051327     1.930505  1293.220001  669.886766          1665.565455                35.762080                 42.257411             1511.212904      1.181626     upper  48.968624  33.471983        98.671185      True             0.000000  minicircle.spm
14               455.506053  428.067992    4.474904   26.832812    16.790734      17.001231    0.787028    4.001285       2.212375     2.065654  1352.500225  654.756354          1319.762342                21.717876                 51.469374             1117.805484      2.369908     upper  51.646347  21.717876       116.125131     False            16.309580  minicircle.spm
15               220.461913  418.159420    4.149094   27.287016    16.988056      16.254874    0.785245    3.206463       2.128429     1.985213  1378.799064  694.534694          1530.123869                25.498682                 51.345337             1309.238398      2.013647     upper  51.347797  25.498682        91.502865      True             0.000000  minicircle.spm
16               376.110901  428.124688    8.247072   25.064268    18.772413      19.204718    0.786384    3.105426       2.138256     1.983791  1418.477973  715.033961          1530.123869                30.905726                 45.686065             1411.960998      1.478239     upper  48.164652  30.905726       106.408667      True             0.000000  minicircle.spm
17               460.848227  458.689469    8.267206   27.937935    17.001539      16.494286    0.785567    3.150491       2.185607     2.019650  1288.370226  637.917670          1616.513637                21.762554                 52.662810             1146.077257      2.419882     upper  53.178216  21.762554        70.070994      True             0.000000  minicircle.spm
18               419.827308  456.330845   10.613293   24.753580    18.253406      18.889747    0.785293    3.073514       2.169943     2.009988  1389.139268  691.118149          1603.335537                34.580205                 42.978255             1486.196868      1.242857     upper  45.966170  33.806760       101.774488      True             0.000000  minicircle.spm
19                91.004809  468.996912    4.486772   25.295723    16.236281      16.737915    0.785981    3.024085       2.183754     2.029314  1369.315397  674.767543          1600.163031                21.464660                 49.040787             1052.643830      2.284722     upper  49.147706  21.464660       104.448974     False            14.128829  minicircle.spm
20                20.321397  500.754239    2.049918   25.374120    16.105419      16.842532    0.786184    3.083394       2.223461     2.055479  1289.155083  627.179959          1391.021699                20.571420                 50.061003             1029.825933      2.433522     upper  50.157721  20.571420        97.873994     False            20.964590  minicircle.spm
