                     centre_x      centre_y    radius_min    radius_max   radius_mean  radius_median    height_min    height_max  height_median   height_mean        volume          area  area_cartesian_bbox  smallest_bounding_width  smallest_bounding_length  smallest_bounding_area  aspect_ratio threshold     max_feret     min_feret       image  contour_lengths  circular  end_to_end_distance
molecule_number                                                                                                                                                                                                                                                                                                                                                                                          
0                3.124616e-07  1.354863e-07  6.688903e-10  7.153789e-09  4.011343e-09   4.131417e-09 -8.118862e-10 -4.370350e-10  -5.745181e-10 -5.807966e-10 -2.919781e-26  5.027201e-17         1.061569e-16             5.569782e-09              1.364449e-08            7.599684e-17      2.449735     below  1.391125e-08  5.569782e-09  minicircle     6.548362e-08     False         5.969060e-09
