                   centre_x    centre_y  radius_min  radius_max  radius_mean  radius_median  height_min  height_max  height_median  height_mean       volume        area  area_cartesian_bbox  smallest_bounding_width  smallest_bounding_length  smallest_bounding_area  aspect_ratio threshold  max_feret  min_feret  Contour Lengths  Circular  End to End Distance      Image Name
Molecule Number                                                                                                                                                                                                                                                                                                                                                                       
0                 18.707007   96.557844    5.704484   20.868161    15.487836      16.147027    0.806496    3.871971       2.068617     1.978976  1209.299322  611.073392          1137.465287                23.833883                 41.299524              984.327993      1.732807     upper  41.334203  23.833883        92.386012      True             0.000000  minicircle.spm
1                400.792704   92.681699    1.152017   21.957089    13.681248      14.459307    0.807036    3.185268       2.153416     2.015202  1252.583477  621.567064          1166.261877                27.021623                 39.031234             1054.687294      1.444444     upper  39.063733  27.021623        97.805725     False            15.753970  minicircle.spm
2                217.783200  173.222730    8.327740   28.522381    17.743418      16.365654    0.808289    3.088261       2.003851     1.895803  1138.118210  600.335681          1577.955492                24.191610                 54.065589             1307.933633      2.234890     upper  54.065681  24.191610       134.804884     False             0.698626  minicircle.spm
3                353.728516  207.406570    3.923541   25.897458    15.301596      15.862244    0.808945    3.103586       2.138866     2.016413  1214.461497  602.287992          1619.442104                17.774995                 49.449371              878.962307      2.781963     upper  49.462005  17.774995        91.466549     False            26.349396  minicircle.spm
4                300.802327  212.096860   10.146734   25.314812    17.927247      18.386595    0.807940    3.003616       1.926633     1.866040  1306.503578  700.147588          1719.742090                32.927338                 43.990574             1448.492500      1.335989     upper  43.991231  32.927338        96.151997      True             0.000000  minicircle.spm
5                432.420548  215.785933    2.875581   23.466926    15.068693      15.781069    0.806992    3.245209       2.193733     2.045240  1238.811017  605.704536          1238.253351                20.607085                 45.698864              941.720385      2.217629     upper  46.016578  20.607085        93.905352     False            22.980430  minicircle.spm
6                194.525710  231.200777    9.008959   23.627316    17.816803      18.014840    0.807410    2.893747       2.056074     1.935221  1291.656345  667.446377          1559.408536                29.666377                 45.282153             1343.357407      1.526380     upper  45.966170  29.666377        98.564277      True             0.000000  minicircle.spm
7                389.738847  274.400104    2.076301   25.556395    16.662449      18.408240    0.806428    3.043659       2.228860     2.058627  1440.338234  699.659511          1770.258141                22.716236                 49.213645             1117.948783      2.166452     upper  49.402763  22.716236        42.321695      True             0.000000  minicircle.spm
8                430.344334  295.941830    2.896435   22.126524    15.426546      16.421498    0.806669    4.426402       2.229832     2.113012  1382.992206  654.512315          1420.794444                26.255766                 42.786388             1123.389372      1.629600     upper  43.023656  26.255766        56.701634      True             0.000000  minicircle.spm
9                122.677158  308.875465    8.653363   27.439540    17.463583      16.648976    0.811939    3.034289       2.237907     2.050882  1393.878598  679.648321          1706.319951                25.553732                 52.364206             1338.100905      2.049180     upper  52.562005  25.553732        76.021062      True             0.000000  minicircle.spm
10                39.395704  381.913890    1.852146   26.940401    16.797841      17.346986    0.807436    2.851219       2.135492     1.982902  1276.542183  643.774604          1197.010778                19.381958                 53.361547             1034.251245      2.753156     upper  53.480238  19.381958       100.815523     False            28.995068  minicircle.spm
11               390.261574  377.074286    9.219255   26.733505    17.572591      16.718590    0.810151    2.989053       2.187163     2.017077  1314.294676  651.583848          1449.591034                27.759526                 47.482741             1318.098383      1.710503     upper  47.793347  27.759526        83.072558      True             0.000000  minicircle.spm
12               261.282576  374.871963    5.851948   25.596843    17.634806      18.608781    0.807326    2.863795       2.091227     1.947446  1320.726852  678.184088          1452.519500                25.341383                 49.572984             1256.247964      1.956207     upper  50.011545  25.341383       100.508933      True             0.000000  minicircle.spm
13               304.709441  391.099345   11.262835   26.558465    18.533693      18.899549    0.808821    3.101631       2.051124     1.933581  1276.877612  660.369249          1665.565455                35.564081                 42.264035             1503.081539      1.188391     upper  48.968624  33.471983        98.690295      True             0.000000  minicircle.spm
14               455.525239  428.028596    4.449485   26.611907    16.950644      17.544803    0.806675    4.008602       2.218208     2.077857  1345.784592  647.679226          1319.762342                21.630208                 51.381705             1111.396954      2.375461     upper  51.520977  21.630208       113.771377     False            16.309580  minicircle.spm
15               220.372355  418.201868    3.999989   27.385160    16.822496      16.318950    0.806871    3.196942       2.120307     1.984553  1352.672668  681.600632          1530.123869                25.443365                 51.342545             1306.327097      2.017915     upper  51.347797  25.443365        85.061755     False            27.703832  minicircle.spm
16               375.557982  428.615292    8.190056   25.036625    18.767056      19.279584    0.806910    3.093909       2.132358     1.982239  1403.823220  708.200872          1506.940174                30.628182                 45.448270             1391.997854      1.483871     upper  48.164652  30.628182       106.297141      True             0.000000  minicircle.spm
17               460.798356  458.626236    8.151931   27.857119    16.935121      16.569920    0.807411    3.160642       2.182733     2.019950  1272.787692  630.108426          1593.085904                21.720928                 52.398941             1138.153641      2.412371     upper  53.024260  21.720928        70.007748      True             0.000000  minicircle.spm
18               419.708892  456.361997   10.464533   24.875794    18.165731      18.788324    0.807342    3.053727       2.151053     2.001470  1362.249279  680.624477          1603.335537                34.580205                 42.978255             1486.196868      1.242857     upper  45.966170  33.555968       101.546870      True             0.000000  minicircle.spm
19                90.846917  468.962832    4.405668   24.980790    16.140796      16.473390    0.808337    2.940226       2.127244     1.983076  1291.172544  651.095771          1600.163031                21.103778                 48.632833             1026.336499      2.304461     upper  48.656154  21.103778       102.506168     False            14.427930  minicircle.spm
20                19.800613  501.342661    2.017733   25.451835    16.221300      17.120073    0.807429    2.996698       2.153397     2.004426  1199.415140  598.383369          1342.213920                20.183903                 49.933420             1007.851308      2.473923     upper  50.013985  20.183903        94.323563     False            19.291431  minicircle.spm
