{"below": {"1": [-0.2157254557456647, -0.2525845523855096, -0.21911664314568013, -0.18309828290975513, -0.18466140987394694, -0.2305029874680934, -0.2925267846380993, -0.3570580475393125, -0.3736798889957203, -0.3087504621290346, -0.21809495784158495]}}
