                     centre_x      centre_y    radius_min    radius_max   radius_mean  radius_median    height_min    height_max  height_median   height_mean        volume          area  area_cartesian_bbox  smallest_bounding_width  smallest_bounding_length  smallest_bounding_area  aspect_ratio threshold     max_feret     min_feret       image  contour_lengths  circular  end_to_end_distance
molecule_number                                                                                                                                                                                                                                                                                                                                                                                          
0                1.872403e-08  9.654910e-08  5.266374e-09  2.102504e-08  1.535118e-08   1.601571e-08  7.821915e-10  3.932379e-09   2.101130e-09  2.005276e-09  1.282137e-24  6.393819e-16         1.137465e-15             2.405749e-08              4.124140e-08            9.921645e-16      1.714286     above  4.138436e-08  2.404835e-08  minicircle     4.671362e-08      True         0.000000e+00
1                4.002647e-07  9.315342e-08  1.161835e-09  2.193371e-08  1.378055e-08   1.472411e-08  7.825457e-10  3.194750e-09   2.169921e-09  2.023310e-09  1.278361e-24  6.318167e-16         1.186029e-15             2.792782e-08              3.962207e-08            1.106558e-15      1.418731     above  3.967123e-08  2.792782e-08  minicircle     1.152444e-07     False         2.147067e-08
2                2.178216e-07  1.731429e-07  7.874120e-09  2.883227e-08  1.778069e-08   1.633758e-08  7.819369e-10  3.135523e-09   2.015185e-09  1.900232e-09  1.184832e-24  6.235194e-16         1.592842e-15             2.416820e-08              5.458082e-08            1.319120e-15      2.258373     above  5.469842e-08  2.416820e-08  minicircle     9.024501e-08      True         0.000000e+00
3                3.534386e-07  2.079919e-07  3.994787e-09  2.569119e-08  1.556160e-08   1.628550e-08  7.818716e-10  3.112567e-09   2.154862e-09  2.025576e-09  1.233327e-24  6.088770e-16         1.619442e-15             1.793469e-08              4.959678e-08            8.895027e-16      2.765411     above  4.968108e-08  1.793469e-08  minicircle     8.351526e-08     False         2.359349e-08
4                3.013918e-07  2.116190e-07  9.783923e-09  2.529492e-08  1.787818e-08   1.842165e-08  7.820739e-10  3.007900e-09   1.920090e-09  1.863138e-09  1.346757e-24  7.228432e-16         1.739509e-15             3.332044e-08              4.395027e-08            1.464442e-15      1.319018     above  4.418497e-08  3.332044e-08  minicircle     9.591161e-08      True         0.000000e+00
5                4.325016e-07  2.158008e-07  2.404072e-09  2.355884e-08  1.505586e-08   1.590245e-08  7.824373e-10  3.242017e-09   2.197200e-09  2.047442e-09  1.261630e-24  6.161982e-16         1.259241e-15             2.065823e-08              4.594861e-08            9.492169e-16      2.224228     above  4.620710e-08  2.065823e-08  minicircle     9.292059e-08     False         2.253542e-08
6                1.944673e-07  2.311843e-07  8.956326e-09  2.396012e-08  1.797012e-08   1.828566e-08  7.829192e-10  2.930014e-09   2.070243e-09  1.944491e-09  1.341501e-24  6.898980e-16         1.559409e-15             2.974231e-08              4.527651e-08            1.346628e-15      1.522293     above  4.625725e-08  2.974231e-08  minicircle     9.745305e-08      True         0.000000e+00
7                3.897351e-07  2.743875e-07  1.613377e-09  2.554789e-08  1.652770e-08   1.806023e-08  7.819917e-10  3.053690e-09   2.228219e-09  2.052587e-09  1.445129e-24  7.040522e-16         1.770258e-15             2.241199e-08              4.910628e-08            1.100570e-15      2.191071     above  4.922213e-08  2.241199e-08  minicircle     4.243137e-08      True         0.000000e+00
8                4.304040e-07  2.959393e-07  2.342765e-09  2.229247e-08  1.526636e-08   1.660954e-08  7.823310e-10  4.416205e-09   2.218856e-09  2.099831e-09  1.390251e-24  6.620775e-16         1.420794e-15             2.691722e-08              4.172411e-08            1.123097e-15      1.550089     above  4.354237e-08  2.606386e-08  minicircle     5.672940e-08      True         0.000000e+00
9                1.227373e-07  3.088215e-07  8.467644e-09  2.745279e-08  1.765053e-08   1.727278e-08  7.823695e-10  3.059652e-09   2.264351e-09  2.068486e-09  1.431083e-24  6.918503e-16         1.706320e-15             2.555373e-08              5.220711e-08            1.334087e-15      2.043033     above  5.246906e-08  2.555373e-08  minicircle     7.586297e-08      True         0.000000e+00
10               3.889252e-08  3.823969e-07  1.694688e-09  2.774991e-08  1.663512e-08   1.696498e-08  7.824603e-10  2.966891e-09   2.212553e-09  2.038431e-09  1.360046e-24  6.672023e-16         1.234837e-15             1.952555e-08              5.456852e-08            1.065480e-15      2.794724     above  5.457559e-08  1.952555e-08  minicircle     5.187387e-08      True         0.000000e+00
11               3.897261e-07  3.775629e-07  9.035783e-09  2.695127e-08  1.742859e-08   1.679317e-08  7.824575e-10  3.050728e-09   2.198785e-09  2.024155e-09  1.346569e-24  6.652500e-16         1.464233e-15             2.837678e-08              4.850977e-08            1.376551e-15      1.709488     above  4.902839e-08  2.837678e-08  minicircle     8.282483e-08      True         0.000000e+00
12               2.612096e-07  3.748066e-07  5.293707e-09  2.546113e-08  1.740346e-08   1.836583e-08  7.820596e-10  2.941901e-09   2.101283e-09  1.955868e-09  1.361759e-24  6.962430e-16         1.452520e-15             2.556090e-08              5.001954e-08            1.278544e-15      1.956878     above  5.018690e-08  2.556090e-08  minicircle     1.002724e-07      True         0.000000e+00
13               3.046740e-07  3.910695e-07  1.089194e-08  2.666028e-08  1.829150e-08   1.850468e-08  7.831113e-10  3.089554e-09   2.050870e-09  1.929329e-09  1.293844e-24  6.706189e-16         1.665565e-15             3.552953e-08              4.206139e-08            1.494421e-15      1.183843     above  4.904581e-08  3.313363e-08  minicircle     9.867118e-08      True         0.000000e+00
14               4.555221e-07  4.280578e-07  4.268437e-09  2.681750e-08  1.659015e-08   1.655964e-08  7.844241e-10  3.819751e-09   2.213004e-09  2.065125e-09  1.357194e-24  6.571967e-16         1.319762e-15             2.194042e-08              5.174054e-08            1.135209e-15      2.358230     above  5.174076e-08  2.194042e-08  minicircle     1.068649e-07     False         1.630958e-08
15               2.204550e-07  4.181537e-07  3.939995e-09  2.749079e-08  1.683256e-08   1.618414e-08  7.823262e-10  3.206657e-09   2.127363e-09  1.983822e-09  1.379770e-24  6.955108e-16         1.530124e-15             2.535473e-08              5.126658e-08            1.299850e-15      2.021973     above  5.148307e-08  2.535473e-08  minicircle     9.138358e-08      True         0.000000e+00
16               3.761571e-07  4.281550e-07  7.920343e-09  2.490765e-08  1.874191e-08   1.934915e-08  7.832919e-10  3.105480e-09   2.140375e-09  1.992034e-09  1.428747e-24  7.172303e-16         1.530124e-15             3.161664e-08              4.678904e-08            1.479313e-15      1.479886     above  4.805051e-08  3.161664e-08  minicircle     1.064535e-07      True         0.000000e+00
17               4.608434e-07  4.586829e-07  8.004359e-09  2.780169e-08  1.726742e-08   1.679523e-08  7.825776e-10  3.150258e-09   2.184948e-09  2.018464e-09  1.288599e-24  6.384057e-16         1.616514e-15             2.133895e-08              5.270820e-08            1.124738e-15      2.470046     above  5.325388e-08  2.133895e-08  minicircle     6.992770e-08      True         0.000000e+00
18               4.198202e-07  4.563309e-07  1.015119e-08  2.481940e-08  1.821840e-08   1.883696e-08  7.836888e-10  3.073389e-09   2.164871e-09  2.006525e-09  1.387725e-24  6.916062e-16         1.603336e-15             3.682726e-08              4.142321e-08            1.525503e-15      1.124797     above  4.596617e-08  3.355597e-08  minicircle     1.017678e-07      True         0.000000e+00
19               9.101179e-08  4.690084e-07  4.483187e-09  2.542198e-08  1.635227e-08   1.694269e-08  7.830648e-10  3.024658e-09   2.183333e-09  2.027181e-09  1.369855e-24  6.757437e-16         1.600163e-15             2.099968e-08              4.888798e-08            1.026632e-15      2.328035     above  4.891627e-08  2.099968e-08  minicircle     9.998428e-08     False         1.578492e-08
20               2.032140e-08  5.007542e-07  1.558019e-09  2.537412e-08  1.581556e-08   1.625252e-08  7.860746e-10  3.083383e-09   2.222899e-09  2.055487e-09  1.289160e-24  6.271800e-16         1.391022e-15             2.035424e-08              5.020435e-08            1.021871e-15      2.466530     above  5.020878e-08  2.035424e-08  minicircle     9.787399e-08     False         2.096459e-08
