            image_size_x_m  image_size_y_m  image_area_m2  image_size_x_px  image_size_y_px  image_area_px2  grains_number_above  grains_per_m2_above  grains_number_below  grains_per_m2_below  rms_roughness
image                                                                                                                                                                                                         
minicircle      5.0586e-07      5.0586e-07     2.5589e-13             1024             1024         1048576                   21           8.2065e+13                    0           0.0000e+00     6.3387e-10
               centre_x   centre_y  radius_min  radius_max  radius_mean  radius_median  height_min  height_max  height_median  height_mean     volume       area  area_cartesian_bbox  smallest_bounding_width  smallest_bounding_length  smallest_bounding_area  aspect_ratio threshold  max_feret  min_feret       image  num_crossings  num_mols  total_contour_length  grain_avg_crossing_confidence  grain_min_crossing_confidence
grain_number                                                                                                                                                                                                                                                                                                                                                                                                                           
0            1.8739e-08 9.6545e-08  5.0152e-09  2.1034e-08   1.5297e-08     1.5927e-08  7.8624e-10  3.9310e-09     2.1029e-09   2.0082e-09 1.2806e-24 6.3767e-16           1.1375e-15               2.4057e-08                4.1241e-08              9.9216e-16    1.7143e+00     above 4.1384e-08 2.4048e-08  minicircle              2         1            1.0119e-07                     2.5085e-01                     2.5085e-01
1            4.0026e-07 9.3132e-08  1.1527e-09  2.1936e-08   1.3839e-08     1.4775e-08  7.8565e-10  3.2036e-09     2.1785e-09   2.0295e-09 1.2857e-24 6.3352e-16           1.1860e-15               2.7928e-08                3.9622e-08              1.1066e-15    1.4187e+00     above 3.9671e-08 2.7928e-08  minicircle              1         1            9.2180e-08                     2.0640e-02                     2.0640e-02
2            2.1780e-07 1.7317e-07  7.8500e-09  2.8861e-08   1.7789e-08     1.6416e-08  7.8518e-10  3.1376e-09     2.0177e-09   1.9047e-09 1.1899e-24 6.2474e-16           1.5928e-15               2.4168e-08                5.4581e-08              1.3191e-15    2.2584e+00     above 5.4698e-08 2.4168e-08  minicircle              0         1            8.8675e-08                            NaN                            NaN
3            3.5513e-07 2.0592e-07  3.8678e-09  2.5953e-08   1.6093e-08     1.7217e-08  7.8600e-10  3.1204e-09     2.1439e-09   2.0180e-09 1.2425e-24 6.1571e-16           1.6966e-15               1.8193e-08                4.9509e-08              9.0074e-16    2.7212e+00     above 4.9681e-08 1.8193e-08  minicircle              1         1            6.1232e-08                     0.0000e+00                            NaN
4            3.0140e-07 2.1161e-07  9.5588e-09  2.5281e-08   1.7873e-08     1.8433e-08  7.8523e-10  3.0096e-09     1.9243e-09   1.8668e-09 1.3476e-24 7.2187e-16           1.7395e-15               3.3320e-08                4.3950e-08              1.4644e-15    1.3190e+00     above 4.4185e-08 3.3320e-08  minicircle              1         1            9.5539e-08                            NaN                            NaN
5            4.3250e-07 2.1579e-07  2.3988e-09  2.3566e-08   1.5056e-08     1.5908e-08  7.8486e-10  3.2450e-09     2.1995e-09   2.0499e-09 1.2631e-24 6.1620e-16           1.2592e-15               2.0658e-08                4.5949e-08              9.4922e-16    2.2242e+00     above 4.6207e-08 2.0658e-08  minicircle              1         1            4.8083e-08                     0.0000e+00                            NaN
6            1.9442e-07 2.3125e-07  8.9666e-09  2.3901e-08   1.7962e-08     1.8322e-08  7.8526e-10  2.9315e-09     2.0741e-09   1.9476e-09 1.3403e-24 6.8819e-16           1.5594e-15               2.9742e-08                4.5277e-08              1.3466e-15    1.5223e+00     above 4.6144e-08 2.9742e-08  minicircle              0         1            9.6379e-08                            NaN                            NaN
7            3.8973e-07 2.7438e-07  1.6076e-09  2.5547e-08   1.6530e-08     1.8066e-08  7.8981e-10  3.0535e-09     2.2271e-09   2.0530e-09 1.4439e-24 7.0332e-16           1.7703e-15               2.2412e-08                4.9106e-08              1.1006e-15    2.1911e+00     above 4.9222e-08 2.2412e-08  minicircle              1         1            9.8539e-08                     1.9432e-01                     1.9432e-01
8            4.3038e-07 2.9593e-07  2.3659e-09  2.2301e-08   1.5264e-08     1.6587e-08  7.8665e-10  4.4140e-09     2.2190e-09   2.1009e-09 1.3874e-24 6.6037e-16           1.4208e-15               2.6893e-08                4.1724e-08              1.1221e-15    1.5515e+00     above 4.3542e-08 2.6064e-08  minicircle              2         1            1.0510e-07                     4.5686e-01                     4.5686e-01
9            1.2272e-07 3.0883e-07  8.4698e-09  2.7439e-08   1.7645e-08     1.7281e-08  7.8603e-10  3.0591e-09     2.2651e-09   2.0699e-09 1.4296e-24 6.9063e-16           1.7063e-15               2.5554e-08                5.2207e-08              1.3341e-15    2.0430e+00     above 5.2469e-08 2.5554e-08  minicircle              0         1            7.8192e-08                            NaN                            NaN
10           3.8889e-08 3.8239e-07  1.6854e-09  2.7740e-08   1.6630e-08     1.6958e-08  7.8495e-10  2.9678e-09     2.2101e-09   2.0386e-09 1.3582e-24 6.6623e-16           1.2348e-15               1.9526e-08                5.4569e-08              1.0655e-15    2.7947e+00     above 5.4576e-08 1.9526e-08  minicircle              2         2            8.9453e-08                     5.7533e-01                     5.7533e-01
11           3.8973e-07 3.7755e-07  9.0405e-09  2.6963e-08   1.7419e-08     1.6777e-08  7.8492e-10  3.0449e-09     2.1962e-09   2.0237e-09 1.3413e-24 6.6281e-16           1.4642e-15               2.8377e-08                4.8510e-08              1.3766e-15    1.7095e+00     above 4.9028e-08 2.8377e-08  minicircle              0         1            8.2971e-08                            NaN                            NaN
12           2.6121e-07 3.7480e-07  5.2841e-09  2.5454e-08   1.7393e-08     1.8371e-08  7.8750e-10  2.9376e-09     2.1014e-09   1.9560e-09 1.3561e-24 6.9331e-16           1.4525e-15               2.5561e-08                5.0020e-08              1.2785e-15    1.9569e+00     above 5.0187e-08 2.5561e-08  minicircle              0         1            1.0654e-07                            NaN                            NaN
13           3.0468e-07 3.9110e-07  1.0924e-08  2.6684e-08   1.8303e-08     1.8530e-08  7.8646e-10  3.0831e-09     2.0479e-09   1.9279e-09 1.2877e-24 6.6793e-16           1.6656e-15               3.5356e-08                4.2044e-08              1.4865e-15    1.1892e+00     above 4.9046e-08 3.3134e-08  minicircle              0         1            1.0292e-07                            NaN                            NaN
14           4.5551e-07 4.2804e-07  3.9784e-09  2.6805e-08   1.6549e-08     1.6555e-08  7.8572e-10  3.9903e-09     2.2065e-09   2.0607e-09 1.3427e-24 6.5158e-16           1.3198e-15               2.1884e-08                5.1740e-08              1.1323e-15    2.3643e+00     above 5.1741e-08 2.1884e-08  minicircle              1         1            1.0237e-07                     5.3237e-01                     5.3237e-01
15           2.2046e-07 4.1816e-07  3.9325e-09  2.7487e-08   1.6843e-08     1.6185e-08  7.8504e-10  3.2019e-09     2.1259e-09   1.9838e-09 1.3739e-24 6.9258e-16           1.5301e-15               2.5355e-08                5.1267e-08              1.2999e-15    2.0220e+00     above 5.1483e-08 2.5355e-08  minicircle              1         2            9.3207e-08                     9.5941e-01                     9.5941e-01
16           3.7609e-07 4.2811e-07  7.8724e-09  2.4912e-08   1.8671e-08     1.9268e-08  7.8804e-10  3.0963e-09     2.1296e-09   1.9770e-09 1.4108e-24 7.1357e-16           1.5301e-15               3.1617e-08                4.6789e-08              1.4793e-15    1.4799e+00     above 4.8051e-08 3.1617e-08  minicircle              0         1            1.0898e-07                            NaN                            NaN
17           4.6086e-07 4.5869e-07  7.9968e-09  2.7784e-08   1.7297e-08     1.6828e-08  7.8666e-10  3.1379e-09     2.1744e-09   2.0105e-09 1.2781e-24 6.3572e-16           1.6165e-15               2.1339e-08                5.2708e-08              1.1247e-15    2.4700e+00     above 5.3254e-08 2.1339e-08  minicircle              0         1            7.2445e-08                            NaN                            NaN
18           4.1982e-07 4.5634e-07  9.9828e-09  2.4823e-08   1.8191e-08     1.8829e-08  7.8519e-10  3.0608e-09     2.1625e-09   2.0032e-09 1.3786e-24 6.8819e-16           1.6033e-15               3.6827e-08                4.1423e-08              1.5255e-15    1.1248e+00     above 4.5966e-08 3.3484e-08  minicircle              0         1            1.0158e-07                            NaN                            NaN
19           9.1005e-08 4.6900e-07  4.4868e-09  2.5410e-08   1.6279e-08     1.6783e-08  7.8535e-10  3.0233e-09     2.1826e-09   2.0282e-09 1.3686e-24 6.7477e-16           1.6002e-15               2.1000e-08                4.8767e-08              1.0241e-15    2.3223e+00     above 4.8916e-08 2.1000e-08  minicircle              2         1            9.8625e-08                     5.8528e-01                     5.8528e-01
20           2.0321e-08 5.0075e-07  1.5580e-09  2.5374e-08   1.5816e-08     1.6253e-08  7.8801e-10  3.0837e-09     2.2240e-09   2.0565e-09 1.2898e-24 6.2718e-16           1.3910e-15               2.0354e-08                5.0204e-08              1.0219e-15    2.4665e+00     above 5.0209e-08 2.0354e-08  minicircle              1         1            9.8587e-08                     2.5020e-01                     2.5020e-01
